Output is also saved to: /home/lxchu/Projects/finetrace/finetrace_run_20260511_134013.log
Platform #0: Intel(R) OpenCL Graphics
 `-- Device #0: Intel(R) Arc(TM) Graphics
Platform #1: Intel(R) OpenCL
 `-- Device #0: Intel(R) Core(TM) Ultra 5 125H
-- /proc/sys/dev/i915/perf_stream_paranoid already 0, skipping

########################################
# Running suite on: cpu
########################################

=== cl_gemm [cpu / clean] (8 runs) ===
  command: ./cl_gemm cpu 512 128
  run  1: 1.02611 s
  run  2: 1.03093 s
  run  3: 1.01736 s
  run  4: 1.02344 s
  run  5: 1.01400 s
  run  6: 1.02122 s
  run  7: 1.00233 s
  run  8: 1.02497 s
  average: 1.02004 s  (8/8 runs ok)

=== cl_gemm [cpu / call-logging] (8 runs) ===
  command: /home/lxchu/Projects/finetrace/build/finetrace --call-logging ./cl_gemm cpu 512 128
  run  1: 1.05248 s
  run  2: 1.05961 s
  run  3: 1.05182 s
  run  4: 1.07281 s
  run  5: 1.04786 s
  run  6: 1.04645 s
  run  7: 1.03180 s
  run  8: 1.07002 s
  average: 1.05411 s  (8/8 runs ok)

=== cl_gemm [cpu / device-timeline] (8 runs) ===
  command: /home/lxchu/Projects/finetrace/build/finetrace --device-timeline ./cl_gemm cpu 512 128
  run  1: 1.04656 s
  run  2: 1.23320 s
  run  3: 1.40540 s
  run  4: 1.39616 s
  run  5: 1.40584 s
  run  6: 1.39713 s
  run  7: 1.39863 s
  run  8: 1.36019 s
  average: 1.33039 s  (8/8 runs ok)

=== cl_gemm [cpu / call+device] (8 runs) ===
  command: /home/lxchu/Projects/finetrace/build/finetrace --call-logging --device-timeline ./cl_gemm cpu 512 128
  run  1: 1.38732 s
  run  2: 1.41142 s
  run  3: 1.47427 s
  run  4: 1.49872 s
  run  5: 1.38905 s
  run  6: 1.43879 s
  run  7: 1.38918 s
  run  8: 1.37084 s
  average: 1.41995 s  (8/8 runs ok)

=== bench_b+tree [cpu / clean] (8 runs) ===
  command: ./b+tree.out file /home/lxchu/Projects/finetrace/samples/cl_rodinia_benchmarks/data/b+tree/mil.txt command /home/lxchu/Projects/finetrace/samples/cl_rodinia_benchmarks/data/b+tree/command.txt -p 1 -d 0
  run  1: 0.90371 s
  run  2: 0.83806 s
  run  3: 0.83627 s
  run  4: 0.83433 s
  run  5: 0.82264 s
  run  6: 0.84622 s
  run  7: 0.84014 s
  run  8: 0.82348 s
  average: 0.84311 s  (8/8 runs ok)

=== bench_b+tree [cpu / call-logging] (8 runs) ===
  command: /home/lxchu/Projects/finetrace/build/finetrace --call-logging ./b+tree.out file /home/lxchu/Projects/finetrace/samples/cl_rodinia_benchmarks/data/b+tree/mil.txt command /home/lxchu/Projects/finetrace/samples/cl_rodinia_benchmarks/data/b+tree/command.txt -p 1 -d 0
  run  1: 0.86265 s
  run  2: 0.88523 s
  run  3: 0.87874 s
  run  4: 0.89483 s
  run  5: 0.87151 s
  run  6: 0.86721 s
  run  7: 0.87264 s
  run  8: 0.89387 s
  average: 0.87833 s  (8/8 runs ok)

=== bench_b+tree [cpu / device-timeline] (8 runs) ===
  command: /home/lxchu/Projects/finetrace/build/finetrace --device-timeline ./b+tree.out file /home/lxchu/Projects/finetrace/samples/cl_rodinia_benchmarks/data/b+tree/mil.txt command /home/lxchu/Projects/finetrace/samples/cl_rodinia_benchmarks/data/b+tree/command.txt -p 1 -d 0
  run  1: 0.88103 s
  run  2: 0.86157 s
  run  3: 0.87435 s
  run  4: 0.88043 s
  run  5: 0.86867 s
  run  6: 0.88171 s
  run  7: 0.87861 s
  run  8: 0.88377 s
  average: 0.87627 s  (8/8 runs ok)

=== bench_b+tree [cpu / call+device] (8 runs) ===
  command: /home/lxchu/Projects/finetrace/build/finetrace --call-logging --device-timeline ./b+tree.out file /home/lxchu/Projects/finetrace/samples/cl_rodinia_benchmarks/data/b+tree/mil.txt command /home/lxchu/Projects/finetrace/samples/cl_rodinia_benchmarks/data/b+tree/command.txt -p 1 -d 0
  run  1: 0.88956 s
  run  2: 0.88455 s
  run  3: 0.87576 s
  run  4: 0.88546 s
  run  5: 0.87646 s
  run  6: 0.88980 s
  run  7: 0.87087 s
  run  8: 0.88853 s
  average: 0.88262 s  (8/8 runs ok)

=== bench_bfs [cpu / clean] (8 runs) ===
  command: ./bfs.out /home/lxchu/Projects/finetrace/samples/cl_rodinia_benchmarks/data/bfs/graph1MW_6.txt -p 1 -d 0
  run  1: 0.73917 s
  run  2: 0.72369 s
  run  3: 0.74529 s
  run  4: 0.74217 s
  run  5: 0.76281 s
  run  6: 0.75464 s
  run  7: 0.75150 s
  run  8: 0.73405 s
  average: 0.74416 s  (8/8 runs ok)

=== bench_bfs [cpu / call-logging] (8 runs) ===
  command: /home/lxchu/Projects/finetrace/build/finetrace --call-logging ./bfs.out /home/lxchu/Projects/finetrace/samples/cl_rodinia_benchmarks/data/bfs/graph1MW_6.txt -p 1 -d 0
  run  1: 0.78945 s
  run  2: 0.81220 s
  run  3: 0.80829 s
  run  4: 0.79656 s
  run  5: 0.79134 s
  run  6: 0.80263 s
  run  7: 0.79874 s
  run  8: 0.81816 s
  average: 0.80217 s  (8/8 runs ok)

=== bench_bfs [cpu / device-timeline] (8 runs) ===
  command: /home/lxchu/Projects/finetrace/build/finetrace --device-timeline ./bfs.out /home/lxchu/Projects/finetrace/samples/cl_rodinia_benchmarks/data/bfs/graph1MW_6.txt -p 1 -d 0
  run  1: 0.82522 s
  run  2: 0.80287 s
  run  3: 0.81251 s
  run  4: 0.82633 s
  run  5: 0.80875 s
  run  6: 0.81570 s
  run  7: 0.81486 s
  run  8: 0.81631 s
  average: 0.81532 s  (8/8 runs ok)

=== bench_bfs [cpu / call+device] (8 runs) ===
  command: /home/lxchu/Projects/finetrace/build/finetrace --call-logging --device-timeline ./bfs.out /home/lxchu/Projects/finetrace/samples/cl_rodinia_benchmarks/data/bfs/graph1MW_6.txt -p 1 -d 0
  run  1: 0.82182 s
  run  2: 0.81957 s
  run  3: 0.82698 s
  run  4: 0.81616 s
  run  5: 0.80280 s
  run  6: 0.81370 s
  run  7: 0.81283 s
  run  8: 0.80416 s
  average: 0.81475 s  (8/8 runs ok)

=== bench_gaussian [cpu / clean] (8 runs) ===
  command: ./gaussian.out -s 2048 -p 1 -d 0
  run  1: 0.42010 s
  run  2: 0.40532 s
  run  3: 0.41902 s
  run  4: 0.41518 s
  run  5: 0.40823 s
  run  6: 0.41518 s
  run  7: 0.40608 s
  run  8: 0.40087 s
  average: 0.41125 s  (8/8 runs ok)

=== bench_gaussian [cpu / call-logging] (8 runs) ===
  command: /home/lxchu/Projects/finetrace/build/finetrace --call-logging ./gaussian.out -s 2048 -p 1 -d 0
  run  1: 0.52101 s
  run  2: 0.52156 s
  run  3: 0.51422 s
  run  4: 0.52908 s
  run  5: 0.51695 s
  run  6: 0.52062 s
  run  7: 0.52209 s
  run  8: 0.52088 s
  average: 0.52080 s  (8/8 runs ok)

=== bench_gaussian [cpu / device-timeline] (8 runs) ===
  command: /home/lxchu/Projects/finetrace/build/finetrace --device-timeline ./gaussian.out -s 2048 -p 1 -d 0
  run  1: 0.46119 s
  run  2: 0.47481 s
  run  3: 0.45574 s
  run  4: 0.45270 s
  run  5: 0.46957 s
  run  6: 0.46120 s
  run  7: 0.47957 s
  run  8: 0.48155 s
  average: 0.46704 s  (8/8 runs ok)

=== bench_gaussian [cpu / call+device] (8 runs) ===
  command: /home/lxchu/Projects/finetrace/build/finetrace --call-logging --device-timeline ./gaussian.out -s 2048 -p 1 -d 0
  run  1: 0.54695 s
  run  2: 0.54129 s
  run  3: 0.53372 s
  run  4: 0.52882 s
  run  5: 0.54666 s
  run  6: 0.55520 s
  run  7: 0.54632 s
  run  8: 0.57247 s
  average: 0.54643 s  (8/8 runs ok)

=== bench_nw [cpu / clean] (8 runs) ===
  command: ./nw.out 8192 10 ./nw.cl -p 1 -d 0
  run  1: 0.57342 s
  run  2: 0.59158 s
  run  3: 0.58766 s
  run  4: 0.58197 s
  run  5: 0.58937 s
  run  6: 0.59408 s
  run  7: 0.58249 s
  run  8: 0.57989 s
  average: 0.58506 s  (8/8 runs ok)

=== bench_nw [cpu / call-logging] (8 runs) ===
  command: /home/lxchu/Projects/finetrace/build/finetrace --call-logging ./nw.out 8192 10 ./nw.cl -p 1 -d 0
  run  1: 0.61509 s
  run  2: 0.61870 s
  run  3: 0.61896 s
  run  4: 0.62603 s
  run  5: 0.62316 s
  run  6: 0.63170 s
  run  7: 0.62629 s
  run  8: 0.61738 s
  average: 0.62216 s  (8/8 runs ok)

=== bench_nw [cpu / device-timeline] (8 runs) ===
  command: /home/lxchu/Projects/finetrace/build/finetrace --device-timeline ./nw.out 8192 10 ./nw.cl -p 1 -d 0
  run  1: 0.60709 s
  run  2: 0.61559 s
  run  3: 0.61195 s
  run  4: 0.60916 s
  run  5: 0.61281 s
  run  6: 0.60985 s
  run  7: 0.60949 s
  run  8: 0.61380 s
  average: 0.61122 s  (8/8 runs ok)

=== bench_nw [cpu / call+device] (8 runs) ===
  command: /home/lxchu/Projects/finetrace/build/finetrace --call-logging --device-timeline ./nw.out 8192 10 ./nw.cl -p 1 -d 0
  run  1: 0.61825 s
  run  2: 0.62433 s
  run  3: 0.61814 s
  run  4: 0.62691 s
  run  5: 0.61027 s
  run  6: 0.61402 s
  run  7: 0.62770 s
  run  8: 0.62651 s
  average: 0.62077 s  (8/8 runs ok)

########################################
# Running suite on: gpu
########################################

=== cl_gemm [gpu / clean] (8 runs) ===
  command: ./cl_gemm gpu 512 128
  run  1: 0.40405 s
  run  2: 0.38915 s
  run  3: 0.35735 s
  run  4: 0.37360 s
  run  5: 0.39202 s
  run  6: 0.39231 s
  run  7: 0.37351 s
  run  8: 0.38619 s
  average: 0.38352 s  (8/8 runs ok)

=== cl_gemm [gpu / call-logging] (8 runs) ===
  command: /home/lxchu/Projects/finetrace/build/finetrace --call-logging ./cl_gemm gpu 512 128
  run  1: 0.42588 s
  run  2: 0.40907 s
  run  3: 0.42810 s
  run  4: 0.41023 s
  run  5: 0.42489 s
  run  6: 0.40545 s
  run  7: 0.42938 s
  run  8: 0.40163 s
  average: 0.41683 s  (8/8 runs ok)

=== cl_gemm [gpu / device-timeline] (8 runs) ===
  command: /home/lxchu/Projects/finetrace/build/finetrace --device-timeline ./cl_gemm gpu 512 128
  run  1: 0.42077 s
  run  2: 0.44065 s
  run  3: 0.43223 s
  run  4: 0.46553 s
  run  5: 0.44023 s
  run  6: 0.42621 s
  run  7: 0.44815 s
  run  8: 0.44856 s
  average: 0.44029 s  (8/8 runs ok)

=== cl_gemm [gpu / call+device] (8 runs) ===
  command: /home/lxchu/Projects/finetrace/build/finetrace --call-logging --device-timeline ./cl_gemm gpu 512 128
  run  1: 0.46017 s
  run  2: 0.44988 s
  run  3: 0.45803 s
  run  4: 0.45317 s
  run  5: 0.43457 s
  run  6: 0.44864 s
  run  7: 0.45322 s
  run  8: 0.42293 s
  average: 0.44757 s  (8/8 runs ok)

=== cl_gemm [gpu / metrics] (8 runs) ===
  command: /home/lxchu/Projects/finetrace/build/finetrace --aggregation ./cl_gemm gpu 512 128
  run  1: 0.60182 s
  run  2: 0.59897 s
  run  3: 0.61465 s
  run  4: 0.59147 s
  run  5: 0.59888 s
  run  6: 0.59298 s
  run  7: 0.57305 s
  run  8: 0.60841 s
  average: 0.59753 s  (8/8 runs ok)

=== cl_gemm [gpu / all] (8 runs) ===
  command: /home/lxchu/Projects/finetrace/build/finetrace --call-logging --device-timeline --aggregation ./cl_gemm gpu 512 128
  run  1: 0.61068 s
  run  2: 0.63541 s
  run  3: 0.59969 s
  run  4: 0.62108 s
  run  5: 0.65063 s
  run  6: 0.66166 s
  run  7: 0.76302 s
  run  8: 0.70097 s
  average: 0.65539 s  (8/8 runs ok)

=== ze_gemm [gpu / clean] (8 runs) ===
  command: ./ze_gemm 512 128
  run  1: 0.47262 s
  run  2: 0.48466 s
  run  3: 0.41057 s
  run  4: 0.45712 s
  run  5: 0.40390 s
  run  6: 0.43255 s
  run  7: 0.38392 s
  run  8: 0.39747 s
  average: 0.43035 s  (8/8 runs ok)

=== ze_gemm [gpu / call-logging] (8 runs) ===
  command: /home/lxchu/Projects/finetrace/build/finetrace --call-logging ./ze_gemm 512 128
  run  1: 0.42611 s
  run  2: 0.43697 s
  run  3: 0.45820 s
  run  4: 0.49778 s
  run  5: 0.47463 s
  run  6: 0.51024 s
  run  7: 0.42933 s
  run  8: 0.53158 s
  average: 0.47060 s  (8/8 runs ok)

=== ze_gemm [gpu / device-timeline] (8 runs) ===
  command: /home/lxchu/Projects/finetrace/build/finetrace --device-timeline ./ze_gemm 512 128
  run  1: 0.54628 s
  run  2: 0.49839 s
  run  3: 0.50505 s
  run  4: 0.49316 s
  run  5: 0.49028 s
  run  6: 0.46789 s
  run  7: 0.52172 s
  run  8: 0.53093 s
  average: 0.50671 s  (8/8 runs ok)

=== ze_gemm [gpu / call+device] (8 runs) ===
  command: /home/lxchu/Projects/finetrace/build/finetrace --call-logging --device-timeline ./ze_gemm 512 128
  run  1: 0.56885 s
  run  2: 0.46886 s
  run  3: 0.49110 s
  run  4: 0.52503 s
  run  5: 0.53023 s
  run  6: 0.49346 s
  run  7: 0.52923 s
  run  8: 0.50970 s
  average: 0.51456 s  (8/8 runs ok)

=== ze_gemm [gpu / metrics] (8 runs) ===
  command: /home/lxchu/Projects/finetrace/build/finetrace --aggregation ./ze_gemm 512 128
  run  1: 0.71046 s
  run  2: 0.65965 s
  run  3: 0.68199 s
  run  4: 0.67279 s
  run  5: 0.71926 s
  run  6: 0.73159 s
  run  7: 0.70044 s
  run  8: 0.67027 s
  average: 0.69331 s  (8/8 runs ok)

=== ze_gemm [gpu / all] (8 runs) ===
  command: /home/lxchu/Projects/finetrace/build/finetrace --call-logging --device-timeline --aggregation ./ze_gemm 512 128
  run  1: 0.69628 s
  run  2: 0.68850 s
  run  3: 0.70077 s
  run  4: 0.67608 s
  run  5: 0.67042 s
  run  6: 0.71020 s
  run  7: 0.67314 s
  run  8: 0.74376 s
  average: 0.69489 s  (8/8 runs ok)

=== bench_b+tree [gpu / clean] (8 runs) ===
  command: ./b+tree.out file /home/lxchu/Projects/finetrace/samples/cl_rodinia_benchmarks/data/b+tree/mil.txt command /home/lxchu/Projects/finetrace/samples/cl_rodinia_benchmarks/data/b+tree/command.txt -p 0 -d 0
  run  1: 0.94339 s
  run  2: 0.96470 s
  run  3: 0.94987 s
  run  4: 0.96621 s
  run  5: 0.96101 s
  run  6: 0.96376 s
  run  7: 0.96487 s
  run  8: 0.96665 s
  average: 0.96006 s  (8/8 runs ok)

=== bench_b+tree [gpu / call-logging] (8 runs) ===
  command: /home/lxchu/Projects/finetrace/build/finetrace --call-logging ./b+tree.out file /home/lxchu/Projects/finetrace/samples/cl_rodinia_benchmarks/data/b+tree/mil.txt command /home/lxchu/Projects/finetrace/samples/cl_rodinia_benchmarks/data/b+tree/command.txt -p 0 -d 0
  run  1: 0.98728 s
  run  2: 0.98186 s
  run  3: 0.98403 s
  run  4: 0.98534 s
  run  5: 0.98596 s
  run  6: 0.97419 s
  run  7: 0.99058 s
  run  8: 0.98527 s
  average: 0.98431 s  (8/8 runs ok)

=== bench_b+tree [gpu / device-timeline] (8 runs) ===
  command: /home/lxchu/Projects/finetrace/build/finetrace --device-timeline ./b+tree.out file /home/lxchu/Projects/finetrace/samples/cl_rodinia_benchmarks/data/b+tree/mil.txt command /home/lxchu/Projects/finetrace/samples/cl_rodinia_benchmarks/data/b+tree/command.txt -p 0 -d 0
  run  1: 0.98706 s
  run  2: 0.99979 s
  run  3: 0.99627 s
  run  4: 0.98967 s
  run  5: 0.98671 s
  run  6: 0.98757 s
  run  7: 0.99188 s
  run  8: 0.98859 s
  average: 0.99094 s  (8/8 runs ok)

=== bench_b+tree [gpu / call+device] (8 runs) ===
  command: /home/lxchu/Projects/finetrace/build/finetrace --call-logging --device-timeline ./b+tree.out file /home/lxchu/Projects/finetrace/samples/cl_rodinia_benchmarks/data/b+tree/mil.txt command /home/lxchu/Projects/finetrace/samples/cl_rodinia_benchmarks/data/b+tree/command.txt -p 0 -d 0
  run  1: 0.98122 s
  run  2: 0.98375 s
  run  3: 0.96832 s
  run  4: 0.97199 s
  run  5: 0.98408 s
  run  6: 0.99422 s
  run  7: 0.98317 s
  run  8: 0.96462 s
  average: 0.97892 s  (8/8 runs ok)

=== bench_b+tree [gpu / metrics] (8 runs) ===
  command: /home/lxchu/Projects/finetrace/build/finetrace --aggregation ./b+tree.out file /home/lxchu/Projects/finetrace/samples/cl_rodinia_benchmarks/data/b+tree/mil.txt command /home/lxchu/Projects/finetrace/samples/cl_rodinia_benchmarks/data/b+tree/command.txt -p 0 -d 0
  run  1: 1.15132 s
  run  2: 1.17921 s
  run  3: 1.14590 s
  run  4: 1.15376 s
  run  5: 1.14914 s
  run  6: 1.15500 s
  run  7: 1.15063 s
  run  8: 1.14466 s
  average: 1.15370 s  (8/8 runs ok)

=== bench_b+tree [gpu / all] (8 runs) ===
  command: /home/lxchu/Projects/finetrace/build/finetrace --call-logging --device-timeline --aggregation ./b+tree.out file /home/lxchu/Projects/finetrace/samples/cl_rodinia_benchmarks/data/b+tree/mil.txt command /home/lxchu/Projects/finetrace/samples/cl_rodinia_benchmarks/data/b+tree/command.txt -p 0 -d 0
  run  1: 1.15119 s
  run  2: 1.14936 s
  run  3: 1.16128 s
  run  4: 1.15612 s
  run  5: 1.15362 s
  run  6: 1.15195 s
  run  7: 1.15011 s
  run  8: 1.18680 s
  average: 1.15755 s  (8/8 runs ok)

=== bench_bfs [gpu / clean] (8 runs) ===
  command: ./bfs.out /home/lxchu/Projects/finetrace/samples/cl_rodinia_benchmarks/data/bfs/graph1MW_6.txt -p 0 -d 0
  run  1: 0.63325 s
  run  2: 0.66026 s
  run  3: 0.66951 s
  run  4: 0.65732 s
  run  5: 0.64527 s
  run  6: 0.65692 s
  run  7: 0.66815 s
  run  8: 0.65112 s
  average: 0.65522 s  (8/8 runs ok)

=== bench_bfs [gpu / call-logging] (8 runs) ===
  command: /home/lxchu/Projects/finetrace/build/finetrace --call-logging ./bfs.out /home/lxchu/Projects/finetrace/samples/cl_rodinia_benchmarks/data/bfs/graph1MW_6.txt -p 0 -d 0
  run  1: 0.70266 s
  run  2: 0.69358 s
  run  3: 0.70244 s
  run  4: 0.70051 s
  run  5: 0.71242 s
  run  6: 0.70431 s
  run  7: 0.71674 s
  run  8: 0.70582 s
  average: 0.70481 s  (8/8 runs ok)

=== bench_bfs [gpu / device-timeline] (8 runs) ===
  command: /home/lxchu/Projects/finetrace/build/finetrace --device-timeline ./bfs.out /home/lxchu/Projects/finetrace/samples/cl_rodinia_benchmarks/data/bfs/graph1MW_6.txt -p 0 -d 0
  run  1: 0.73293 s
  run  2: 0.72442 s
  run  3: 0.70711 s
  run  4: 0.70969 s
  run  5: 0.72891 s
  run  6: 0.69318 s
  run  7: 0.69844 s
  run  8: 0.71466 s
  average: 0.71367 s  (8/8 runs ok)

=== bench_bfs [gpu / call+device] (8 runs) ===
  command: /home/lxchu/Projects/finetrace/build/finetrace --call-logging --device-timeline ./bfs.out /home/lxchu/Projects/finetrace/samples/cl_rodinia_benchmarks/data/bfs/graph1MW_6.txt -p 0 -d 0
  run  1: 0.68284 s
  run  2: 0.71959 s
  run  3: 0.71357 s
  run  4: 0.71430 s
  run  5: 0.71154 s
  run  6: 0.69210 s
  run  7: 0.71097 s
  run  8: 0.67511 s
  average: 0.70250 s  (8/8 runs ok)

=== bench_bfs [gpu / metrics] (8 runs) ===
  command: /home/lxchu/Projects/finetrace/build/finetrace --aggregation ./bfs.out /home/lxchu/Projects/finetrace/samples/cl_rodinia_benchmarks/data/bfs/graph1MW_6.txt -p 0 -d 0
  run  1: 0.88608 s
  run  2: 0.89741 s
  run  3: 0.85893 s
  run  4: 0.90235 s
  run  5: 0.88055 s
  run  6: 0.88372 s
  run  7: 0.88993 s
  run  8: 0.87575 s
  average: 0.88434 s  (8/8 runs ok)

=== bench_bfs [gpu / all] (8 runs) ===
  command: /home/lxchu/Projects/finetrace/build/finetrace --call-logging --device-timeline --aggregation ./bfs.out /home/lxchu/Projects/finetrace/samples/cl_rodinia_benchmarks/data/bfs/graph1MW_6.txt -p 0 -d 0
  run  1: 0.89420 s
  run  2: 0.87132 s
  run  3: 0.84835 s
  run  4: 0.87084 s
  run  5: 0.86505 s
  run  6: 0.86901 s
  run  7: 0.87785 s
  run  8: 0.87298 s
  average: 0.87120 s  (8/8 runs ok)

=== bench_gaussian [gpu / clean] (8 runs) ===
  command: ./gaussian.out -s 2048 -p 0 -d 0
  run  1: 1.47401 s
  run  2: 1.45821 s
  run  3: 1.42184 s
  run  4: 1.44006 s
  run  5: 1.46856 s
  run  6: 1.46777 s
  run  7: 1.43782 s
  run  8: 1.47280 s
  average: 1.45514 s  (8/8 runs ok)

=== bench_gaussian [gpu / call-logging] (8 runs) ===
  command: /home/lxchu/Projects/finetrace/build/finetrace --call-logging ./gaussian.out -s 2048 -p 0 -d 0
  run  1: 1.55226 s
  run  2: 1.54109 s
  run  3: 1.53150 s
  run  4: 1.57045 s
  run  5: 1.53322 s
  run  6: 1.55754 s
  run  7: 1.55009 s
  run  8: 1.53704 s
  average: 1.54665 s  (8/8 runs ok)

=== bench_gaussian [gpu / device-timeline] (8 runs) ===
  command: /home/lxchu/Projects/finetrace/build/finetrace --device-timeline ./gaussian.out -s 2048 -p 0 -d 0
  run  1: 1.64932 s
  run  2: 1.67795 s
  run  3: 1.66024 s
  run  4: 1.74312 s
  run  5: 1.82644 s
  run  6: 1.79150 s
  run  7: 1.65499 s
  run  8: 1.68179 s
  average: 1.71067 s  (8/8 runs ok)

=== bench_gaussian [gpu / call+device] (8 runs) ===
  command: /home/lxchu/Projects/finetrace/build/finetrace --call-logging --device-timeline ./gaussian.out -s 2048 -p 0 -d 0
  run  1: 1.68764 s
  run  2: 1.71408 s
  run  3: 1.72091 s
  run  4: 1.69655 s
  run  5: 1.69010 s
  run  6: 1.72276 s
  run  7: 1.70091 s
  run  8: 1.71269 s
  average: 1.70571 s  (8/8 runs ok)

=== bench_gaussian [gpu / metrics] (8 runs) ===
  command: /home/lxchu/Projects/finetrace/build/finetrace --aggregation ./gaussian.out -s 2048 -p 0 -d 0
  run  1: 1.93437 s
  run  2: 1.94041 s
  run  3: 1.95173 s
  run  4: 1.92354 s
  run  5: 1.90755 s
  run  6: 1.92897 s
  run  7: 1.92053 s
  run  8: 1.94974 s
  average: 1.93210 s  (8/8 runs ok)

=== bench_gaussian [gpu / all] (8 runs) ===
  command: /home/lxchu/Projects/finetrace/build/finetrace --call-logging --device-timeline --aggregation ./gaussian.out -s 2048 -p 0 -d 0
  run  1: 2.01301 s
  run  2: 1.99312 s
  run  3: 1.99719 s
  run  4: 1.96232 s
  run  5: 1.97233 s
  run  6: 1.97048 s
  run  7: 1.96554 s
  run  8: 1.95904 s
  average: 1.97913 s  (8/8 runs ok)

=== bench_nw [gpu / clean] (8 runs) ===
  command: ./nw.out 8192 10 ./nw.cl -p 0 -d 0
  run  1: 0.59560 s
  run  2: 0.60672 s
  run  3: 0.63095 s
  run  4: 0.64200 s
  run  5: 0.64497 s
  run  6: 0.64341 s
  run  7: 0.63040 s
  run  8: 0.63367 s
  average: 0.62846 s  (8/8 runs ok)

=== bench_nw [gpu / call-logging] (8 runs) ===
  command: /home/lxchu/Projects/finetrace/build/finetrace --call-logging ./nw.out 8192 10 ./nw.cl -p 0 -d 0
  run  1: 0.66462 s
  run  2: 0.65925 s
  run  3: 0.66839 s
  run  4: 0.66065 s
  run  5: 0.65698 s
  run  6: 0.67305 s
  run  7: 0.66352 s
  run  8: 0.64650 s
  average: 0.66162 s  (8/8 runs ok)

=== bench_nw [gpu / device-timeline] (8 runs) ===
  command: /home/lxchu/Projects/finetrace/build/finetrace --device-timeline ./nw.out 8192 10 ./nw.cl -p 0 -d 0
  run  1: 0.67214 s
  run  2: 0.67406 s
  run  3: 0.66044 s
  run  4: 0.68198 s
  run  5: 0.67496 s
  run  6: 0.67928 s
  run  7: 0.65719 s
  run  8: 0.67704 s
  average: 0.67214 s  (8/8 runs ok)

=== bench_nw [gpu / call+device] (8 runs) ===
  command: /home/lxchu/Projects/finetrace/build/finetrace --call-logging --device-timeline ./nw.out 8192 10 ./nw.cl -p 0 -d 0
  run  1: 0.68185 s
  run  2: 0.68203 s
  run  3: 0.67503 s
  run  4: 0.69652 s
  run  5: 0.68645 s
  run  6: 0.68941 s
  run  7: 0.68859 s
  run  8: 0.69165 s
  average: 0.68644 s  (8/8 runs ok)

=== bench_nw [gpu / metrics] (8 runs) ===
  command: /home/lxchu/Projects/finetrace/build/finetrace --aggregation ./nw.out 8192 10 ./nw.cl -p 0 -d 0
  run  1: 0.82866 s
  run  2: 0.82416 s
  run  3: 0.81525 s
  run  4: 0.87244 s
  run  5: 0.81354 s
  run  6: 0.83239 s
  run  7: 0.83727 s
  run  8: 0.82615 s
  average: 0.83123 s  (8/8 runs ok)

=== bench_nw [gpu / all] (8 runs) ===
  command: /home/lxchu/Projects/finetrace/build/finetrace --call-logging --device-timeline --aggregation ./nw.out 8192 10 ./nw.cl -p 0 -d 0
  run  1: 0.82818 s
  run  2: 0.83746 s
  run  3: 0.86619 s
  run  4: 0.84024 s
  run  5: 0.82634 s
  run  6: 0.87183 s
  run  7: 0.84313 s
  run  8: 0.83656 s
  average: 0.84374 s  (8/8 runs ok)

########################################
# Summary (average wall-clock time in seconds over 8 runs)
########################################

--- Mode: cpu ---
Benchmark            |         clean (s) |  call-logging (s) | device-timeline (s) |   call+device (s)
---------------------+-------------------+-------------------+-------------------+-------------------
cl_gemm              |           1.02004 |           1.05411 |           1.33039 |           1.41995
bench_b+tree         |           0.84311 |           0.87833 |           0.87627 |           0.88262
bench_bfs            |           0.74416 |           0.80217 |           0.81532 |           0.81475
bench_gaussian       |           0.41125 |           0.52080 |           0.46704 |           0.54643
bench_nw             |           0.58506 |           0.62216 |           0.61122 |           0.62077
ze_gemm              |                 - |                 - |                 - |                 -

--- Mode: gpu ---
Benchmark            |         clean (s) |  call-logging (s) | device-timeline (s) |   call+device (s) |       metrics (s) |           all (s)
---------------------+-------------------+-------------------+-------------------+-------------------+-------------------+-------------------
cl_gemm              |           0.38352 |           0.41683 |           0.44029 |           0.44757 |           0.59753 |           0.65539
bench_b+tree         |           0.96006 |           0.98431 |           0.99094 |           0.97892 |           1.15370 |           1.15755
bench_bfs            |           0.65522 |           0.70481 |           0.71367 |           0.70250 |           0.88434 |           0.87120
bench_gaussian       |           1.45514 |           1.54665 |           1.71067 |           1.70571 |           1.93210 |           1.97913
bench_nw             |           0.62846 |           0.66162 |           0.67214 |           0.68644 |           0.83123 |           0.84374
ze_gemm              |           0.43035 |           0.47060 |           0.50671 |           0.51456 |           0.69331 |           0.69489

